#-----------------------------------------------------------
# Vivado v2024.1 (64-bit)
# SW Build 5076996 on Wed May 22 18:37:14 MDT 2024
# IP Build 5075265 on Wed May 22 21:45:21 MDT 2024
# SharedData Build 5076995 on Wed May 22 18:29:18 MDT 2024
# Start of session at: Tue Apr 15 11:37:26 2025
# Process ID: 28476
# Current directory: E:/Learn/FPGA/qi/01_count_module/count_module.runs/synth_1
# Command line: vivado.exe -log count_module.vds -product Vivado -mode batch -messageDb vivado.pb -notrace -source count_module.tcl
# Log file: E:/Learn/FPGA/qi/01_count_module/count_module.runs/synth_1/count_module.vds
# Journal file: E:/Learn/FPGA/qi/01_count_module/count_module.runs/synth_1\vivado.jou
# Running On        :DESKTOP-OV83DJ3
# Platform          :Windows Server 2016 or Windows 10
# Operating System  :26100
# Processor Detail  :12th Gen Intel(R) Core(TM) i5-12500H
# CPU Frequency     :3110 MHz
# CPU Physical cores:12
# CPU Logical cores :16
# Host memory       :16892 MB
# Swap memory       :24696 MB
# Total Virtual     :41588 MB
# Available Virtual :11372 MB
#-----------------------------------------------------------
source count_module.tcl -notrace
